FAIL __tests__/services/LLMInferenceService.test.ts
  ΓùÅ Test suite failed to run

    src/services/LLMInferenceService.ts:1:41 - error TS2307: Cannot find module 'react-native-llama' or its corresponding type declarations.

    1 import { initLlama, LlamaContext } from 'react-native-llama';
                                              ~~~~~~~~~~~~~~~~~~~~
    src/services/LLMInferenceService.ts:52:17 - error TS7006: Parameter 'response' implicitly has an 'any' type.

    52             }, (response) => {
                       ~~~~~~~~

Test Suites: 1 failed, 1 total
Tests:       0 total
Snapshots:   0 total
Time:        9.028 s
Ran all test suites matching /__tests__\\services\\LLMInferenceService.test.ts/i.
